Archive member included because of file (symbol)

c:/winavr-20090313/bin/../lib/gcc/avr/4.3.2/avr51\libgcc.a(_exit.o)
                              c:/winavr-20090313/bin/../lib/gcc/avr/4.3.2/../../../../avr/lib/avr51/crtm128.o (exit)
c:/winavr-20090313/bin/../lib/gcc/avr/4.3.2/avr51\libgcc.a(_clear_bss.o)
                              test3.o (__do_clear_bss)
c:/winavr-20090313/bin/../lib/gcc/avr/4.3.2/avr51\libgcc.a(_addsub_sf.o)
                              effects.o (__addsf3)
c:/winavr-20090313/bin/../lib/gcc/avr/4.3.2/avr51\libgcc.a(_mul_sf.o)
                              effects.o (__mulsf3)
c:/winavr-20090313/bin/../lib/gcc/avr/4.3.2/avr51\libgcc.a(_div_sf.o)
                              effects.o (__divsf3)
c:/winavr-20090313/bin/../lib/gcc/avr/4.3.2/avr51\libgcc.a(_si_to_sf.o)
                              effects.o (__floatsisf)
c:/winavr-20090313/bin/../lib/gcc/avr/4.3.2/avr51\libgcc.a(_sf_to_si.o)
                              effects.o (__fixsfsi)
c:/winavr-20090313/bin/../lib/gcc/avr/4.3.2/avr51\libgcc.a(_thenan_sf.o)
                              c:/winavr-20090313/bin/../lib/gcc/avr/4.3.2/avr51\libgcc.a(_addsub_sf.o) (__thenan_sf)
c:/winavr-20090313/bin/../lib/gcc/avr/4.3.2/avr51\libgcc.a(_prologue.o)
                              c:/winavr-20090313/bin/../lib/gcc/avr/4.3.2/avr51\libgcc.a(_addsub_sf.o) (__prologue_saves__)
c:/winavr-20090313/bin/../lib/gcc/avr/4.3.2/avr51\libgcc.a(_epilogue.o)
                              c:/winavr-20090313/bin/../lib/gcc/avr/4.3.2/avr51\libgcc.a(_addsub_sf.o) (__epilogue_restores__)
c:/winavr-20090313/bin/../lib/gcc/avr/4.3.2/avr51\libgcc.a(_clzsi2.o)
                              c:/winavr-20090313/bin/../lib/gcc/avr/4.3.2/avr51\libgcc.a(_si_to_sf.o) (__clzsi2)
c:/winavr-20090313/bin/../lib/gcc/avr/4.3.2/avr51\libgcc.a(_pack_sf.o)
                              c:/winavr-20090313/bin/../lib/gcc/avr/4.3.2/avr51\libgcc.a(_addsub_sf.o) (__pack_f)
c:/winavr-20090313/bin/../lib/gcc/avr/4.3.2/avr51\libgcc.a(_unpack_sf.o)
                              c:/winavr-20090313/bin/../lib/gcc/avr/4.3.2/avr51\libgcc.a(_addsub_sf.o) (__unpack_f)
c:/winavr-20090313/bin/../lib/gcc/avr/4.3.2/avr51\libgcc.a(_clz.o)
                              c:/winavr-20090313/bin/../lib/gcc/avr/4.3.2/avr51\libgcc.a(_clzsi2.o) (__clz_tab)

Allocating common symbols
Common symbol       size              file

resetEffect         0x1               test3.o
instructionGroup1   0x1f0             instruction_decoder.o
currentStepLeds     0x18              effects.o
pwmLedCounter       0x18              effects.o
pwmLedOn            0x18              effects.o
directionLeds       0x18              effects.o
blinkLedCounters    0x18              effects.o
instructionGroup2   0x1f0             instruction_decoder.o
fadeWithPwm10msCounter
                    0x18              effects.o
fadeBetween3ColorsWithScalingPwmEffectData
                    0xa8              effects.o
sramEffectDataBuffer
                    0x400             instruction_decoder.o
ledPWMArray         0x48              test3.o
currentEffectGroupIndex
                    0x2               instruction_decoder.o
effectGroupSizes    0x1fe             instruction_decoder.o
sramEffectDataPtr   0x2               instruction_decoder.o
pwmScaleData        0x78              effects.o
lightBeamSavedData  0x30              effects.o

Memory Configuration

Name             Origin             Length             Attributes
text             0x00000000         0x00020000         xr
data             0x00800060         0x0000ffa0         rw !x
eeprom           0x00810000         0x00010000         rw !x
fuse             0x00820000         0x00000400         rw !x
lock             0x00830000         0x00000400         rw !x
signature        0x00840000         0x00000400         rw !x
*default*        0x00000000         0xffffffff

Linker script and memory map

Address of section .data set to 0x800100
LOAD c:/winavr-20090313/bin/../lib/gcc/avr/4.3.2/../../../../avr/lib/avr51/crtm128.o
LOAD test3.o
LOAD effects.o
LOAD instruction_decoder.o
LOAD utils.o
LOAD song_instructions.o
LOAD c:/winavr-20090313/bin/../lib/gcc/avr/4.3.2/avr51\libgcc.a
LOAD c:/winavr-20090313/bin/../lib/gcc/avr/4.3.2/../../../../avr/lib/avr51\libc.a
LOAD c:/winavr-20090313/bin/../lib/gcc/avr/4.3.2/avr51\libgcc.a

.hash
 *(.hash)

.dynsym
 *(.dynsym)

.dynstr
 *(.dynstr)

.gnu.version
 *(.gnu.version)

.gnu.version_d
 *(.gnu.version_d)

.gnu.version_r
 *(.gnu.version_r)

.rel.init
 *(.rel.init)

.rela.init
 *(.rela.init)

.rel.text
 *(.rel.text)
 *(.rel.text.*)
 *(.rel.gnu.linkonce.t*)

.rela.text
 *(.rela.text)
 *(.rela.text.*)
 *(.rela.gnu.linkonce.t*)

.rel.fini
 *(.rel.fini)

.rela.fini
 *(.rela.fini)

.rel.rodata
 *(.rel.rodata)
 *(.rel.rodata.*)
 *(.rel.gnu.linkonce.r*)

.rela.rodata
 *(.rela.rodata)
 *(.rela.rodata.*)
 *(.rela.gnu.linkonce.r*)

.rel.data
 *(.rel.data)
 *(.rel.data.*)
 *(.rel.gnu.linkonce.d*)

.rela.data
 *(.rela.data)
 *(.rela.data.*)
 *(.rela.gnu.linkonce.d*)

.rel.ctors
 *(.rel.ctors)

.rela.ctors
 *(.rela.ctors)

.rel.dtors
 *(.rel.dtors)

.rela.dtors
 *(.rela.dtors)

.rel.got
 *(.rel.got)

.rela.got
 *(.rela.got)

.rel.bss
 *(.rel.bss)

.rela.bss
 *(.rela.bss)

.rel.plt
 *(.rel.plt)

.rela.plt
 *(.rela.plt)

.text           0x00000000     0x2e4c
 *(.vectors)
 .vectors       0x00000000       0x8c c:/winavr-20090313/bin/../lib/gcc/avr/4.3.2/../../../../avr/lib/avr51/crtm128.o
                0x00000000                __vectors
                0x00000000                __vector_default
 *(.vectors)
 *(.progmem.gcc*)
 *(.progmem*)
 .progmem.data  0x0000008c      0x34f song_instructions.o
                0x0000008c                song_instructions
                0x000003dc                . = ALIGN (0x2)
 *fill*         0x000003db        0x1 00
                0x000003dc                __trampolines_start = .
 *(.trampolines)
 .trampolines   0x000003dc        0x0 linker stubs
 *(.trampolines*)
                0x000003dc                __trampolines_end = .
 *(.jumptables)
 *(.jumptables*)
 *(.lowtext)
 *(.lowtext*)
                0x000003dc                __ctors_start = .
 *(.ctors)
                0x000003dc                __ctors_end = .
                0x000003dc                __dtors_start = .
 *(.dtors)
                0x000003dc                __dtors_end = .
 SORT(*)(.ctors)
 SORT(*)(.dtors)
 *(.init0)
 .init0         0x000003dc        0x0 c:/winavr-20090313/bin/../lib/gcc/avr/4.3.2/../../../../avr/lib/avr51/crtm128.o
                0x000003dc                __init
 *(.init0)
 *(.init1)
 *(.init1)
 *(.init2)
 .init2         0x000003dc        0xc c:/winavr-20090313/bin/../lib/gcc/avr/4.3.2/../../../../avr/lib/avr51/crtm128.o
 *(.init2)
 *(.init3)
 *(.init3)
 *(.init4)
 .init4         0x000003e8       0x1a c:/winavr-20090313/bin/../lib/gcc/avr/4.3.2/../../../../avr/lib/avr51/crtm128.o
                0x000003e8                __do_copy_data
 .init4         0x00000402       0x10 c:/winavr-20090313/bin/../lib/gcc/avr/4.3.2/avr51\libgcc.a(_clear_bss.o)
                0x00000402                __do_clear_bss
 *(.init4)
 *(.init5)
 *(.init5)
 *(.init6)
 *(.init6)
 *(.init7)
 *(.init7)
 *(.init8)
 *(.init8)
 *(.init9)
 .init9         0x00000412        0x8 c:/winavr-20090313/bin/../lib/gcc/avr/4.3.2/../../../../avr/lib/avr51/crtm128.o
 *(.init9)
 *(.text)
 .text          0x0000041a        0x4 c:/winavr-20090313/bin/../lib/gcc/avr/4.3.2/../../../../avr/lib/avr51/crtm128.o
                0x0000041a                __vector_22
                0x0000041a                __vector_28
                0x0000041a                __vector_1
                0x0000041a                __vector_32
                0x0000041a                __vector_34
                0x0000041a                __vector_24
                0x0000041a                __vector_12
                0x0000041a                __bad_interrupt
                0x0000041a                __vector_6
                0x0000041a                __vector_31
                0x0000041a                __vector_3
                0x0000041a                __vector_23
                0x0000041a                __vector_30
                0x0000041a                __vector_25
                0x0000041a                __vector_11
                0x0000041a                __vector_13
                0x0000041a                __vector_17
                0x0000041a                __vector_19
                0x0000041a                __vector_7
                0x0000041a                __vector_27
                0x0000041a                __vector_5
                0x0000041a                __vector_33
                0x0000041a                __vector_4
                0x0000041a                __vector_9
                0x0000041a                __vector_2
                0x0000041a                __vector_21
                0x0000041a                __vector_15
                0x0000041a                __vector_29
                0x0000041a                __vector_8
                0x0000041a                __vector_26
                0x0000041a                __vector_14
                0x0000041a                __vector_10
                0x0000041a                __vector_16
                0x0000041a                __vector_18
                0x0000041a                __vector_20
 .text          0x0000041e      0x318 test3.o
                0x0000041e                doEffects
                0x000004be                main
 .text          0x00000736     0x1442 effects.o
                0x00000cd0                blinkEffect
                0x00000814                ledOnEffect
                0x00000dda                resetFadeBetweenColorsWithPwm
                0x0000095e                fadeBetweenColors
                0x00000736                resetLedOnEffect
                0x00000756                lightBeamEffect
                0x0000161e                fadeBetween3ColorsWithScalingPwmEffect
                0x00000802                ledOffEffect
                0x000010e0                resetFadeBetween3ColorsWithScalingPwmEffect
                0x00000e42                fadeBetweenColorsWithPwm
                0x00000f18                resetFadeBetweenColorsWithScalingPwmEffect
                0x00000860                pwmEffect
                0x0000073c                resetDoNothingEffect
                0x00000828                resetPwmEffect
                0x00000738                resetLedOffEffect
                0x0000073e                resetLightBeamEffect
                0x0000073a                doNothingEffect
                0x00000d5a                resetBlinkEffect
                0x00001254                fadeBetweenColorsWithScalingPwmEffect
                0x00000cc0                resetFadeBetweenColorsEffect
 .text          0x00001b78      0x4ca instruction_decoder.o
                0x00001fa2                getLastGroup
                0x00002024                initDecoder
                0x00001f06                getPreviousGroup
                0x00001ba6                copyFromFlash
                0x00001bd0                getInstructionGroup
                0x00001fd0                getNextGroup
                0x00001b8e                readShortFromFlash
                0x00001b78                readCharFromFlash
 .text          0x00002042      0x25c utils.o
                0x0000224c                copy_data
                0x0000223c                waitForTimer
                0x0000227c                copy_short_data
                0x00002056                setRGBColor
                0x000020d6                displayColors
                0x0000208a                getRGBColor
                0x00002162                red60BPM
                0x00002042                abs
 .text          0x0000229e        0x0 song_instructions.o
 .text          0x0000229e        0x0 c:/winavr-20090313/bin/../lib/gcc/avr/4.3.2/avr51\libgcc.a(_exit.o)
 .text          0x0000229e        0x0 c:/winavr-20090313/bin/../lib/gcc/avr/4.3.2/avr51\libgcc.a(_clear_bss.o)
 .text          0x0000229e      0x354 c:/winavr-20090313/bin/../lib/gcc/avr/4.3.2/avr51\libgcc.a(_addsub_sf.o)
                0x00002536                __subsf3
                0x00002598                __addsf3
 .text          0x000025f2      0x1f4 c:/winavr-20090313/bin/../lib/gcc/avr/4.3.2/avr51\libgcc.a(_mul_sf.o)
                0x000025f2                __mulsf3
 .text          0x000027e6      0x158 c:/winavr-20090313/bin/../lib/gcc/avr/4.3.2/avr51\libgcc.a(_div_sf.o)
                0x000027e6                __divsf3
 .text          0x0000293e       0xbc c:/winavr-20090313/bin/../lib/gcc/avr/4.3.2/avr51\libgcc.a(_si_to_sf.o)
                0x0000293e                __floatsisf
 .text          0x000029fa       0xa8 c:/winavr-20090313/bin/../lib/gcc/avr/4.3.2/avr51\libgcc.a(_sf_to_si.o)
                0x000029fa                __fixsfsi
 .text          0x00002aa2        0x0 c:/winavr-20090313/bin/../lib/gcc/avr/4.3.2/avr51\libgcc.a(_thenan_sf.o)
 .text          0x00002aa2        0x0 c:/winavr-20090313/bin/../lib/gcc/avr/4.3.2/avr51\libgcc.a(_prologue.o)
 .text          0x00002aa2        0x0 c:/winavr-20090313/bin/../lib/gcc/avr/4.3.2/avr51\libgcc.a(_epilogue.o)
 .text          0x00002aa2       0x9e c:/winavr-20090313/bin/../lib/gcc/avr/4.3.2/avr51\libgcc.a(_clzsi2.o)
                0x00002aa2                __clzsi2
 .text          0x00002b40      0x1aa c:/winavr-20090313/bin/../lib/gcc/avr/4.3.2/avr51\libgcc.a(_pack_sf.o)
                0x00002b40                __pack_f
 .text          0x00002cea       0xf0 c:/winavr-20090313/bin/../lib/gcc/avr/4.3.2/avr51\libgcc.a(_unpack_sf.o)
                0x00002cea                __unpack_f
 .text          0x00002dda        0x0 c:/winavr-20090313/bin/../lib/gcc/avr/4.3.2/avr51\libgcc.a(_clz.o)
                0x00002dda                . = ALIGN (0x2)
 *(.text.*)
 .text.libgcc   0x00002dda        0x0 c:/winavr-20090313/bin/../lib/gcc/avr/4.3.2/avr51\libgcc.a(_exit.o)
 .text.libgcc   0x00002dda        0x0 c:/winavr-20090313/bin/../lib/gcc/avr/4.3.2/avr51\libgcc.a(_clear_bss.o)
 .text.libgcc   0x00002dda       0x38 c:/winavr-20090313/bin/../lib/gcc/avr/4.3.2/avr51\libgcc.a(_prologue.o)
                0x00002dda                __prologue_saves__
 .text.libgcc   0x00002e12       0x36 c:/winavr-20090313/bin/../lib/gcc/avr/4.3.2/avr51\libgcc.a(_epilogue.o)
                0x00002e12                __epilogue_restores__
                0x00002e48                . = ALIGN (0x2)
 *(.fini9)
 .fini9         0x00002e48        0x0 c:/winavr-20090313/bin/../lib/gcc/avr/4.3.2/avr51\libgcc.a(_exit.o)
                0x00002e48                exit
                0x00002e48                _exit
 *(.fini9)
 *(.fini8)
 *(.fini8)
 *(.fini7)
 *(.fini7)
 *(.fini6)
 *(.fini6)
 *(.fini5)
 *(.fini5)
 *(.fini4)
 *(.fini4)
 *(.fini3)
 *(.fini3)
 *(.fini2)
 *(.fini2)
 *(.fini1)
 *(.fini1)
 *(.fini0)
 .fini0         0x00002e48        0x4 c:/winavr-20090313/bin/../lib/gcc/avr/4.3.2/avr51\libgcc.a(_exit.o)
 *(.fini0)
                0x00002e4c                _etext = .

.data           0x00800100      0x110 load address 0x00002e4c
                0x00800100                PROVIDE (__data_start, .)
 *(.data)
 .data          0x00800100        0x0 c:/winavr-20090313/bin/../lib/gcc/avr/4.3.2/../../../../avr/lib/avr51/crtm128.o
 .data          0x00800100        0x0 test3.o
 .data          0x00800100        0x0 effects.o
 .data          0x00800100        0x6 instruction_decoder.o
                0x00800102                oldInstructionGroup
                0x00800100                newInstructionGroup
                0x00800104                dataPtr
 .data          0x00800106        0x1 utils.o
                0x00800106                outputCompareBitmask
 .data          0x00800107        0x0 song_instructions.o
 .data          0x00800107        0x0 c:/winavr-20090313/bin/../lib/gcc/avr/4.3.2/avr51\libgcc.a(_exit.o)
 .data          0x00800107        0x0 c:/winavr-20090313/bin/../lib/gcc/avr/4.3.2/avr51\libgcc.a(_clear_bss.o)
 .data          0x00800107        0x0 c:/winavr-20090313/bin/../lib/gcc/avr/4.3.2/avr51\libgcc.a(_addsub_sf.o)
 .data          0x00800107        0x0 c:/winavr-20090313/bin/../lib/gcc/avr/4.3.2/avr51\libgcc.a(_mul_sf.o)
 .data          0x00800107        0x0 c:/winavr-20090313/bin/../lib/gcc/avr/4.3.2/avr51\libgcc.a(_div_sf.o)
 .data          0x00800107        0x0 c:/winavr-20090313/bin/../lib/gcc/avr/4.3.2/avr51\libgcc.a(_si_to_sf.o)
 .data          0x00800107        0x0 c:/winavr-20090313/bin/../lib/gcc/avr/4.3.2/avr51\libgcc.a(_sf_to_si.o)
 .data          0x00800107        0x8 c:/winavr-20090313/bin/../lib/gcc/avr/4.3.2/avr51\libgcc.a(_thenan_sf.o)
                0x00800107                __thenan_sf
 .data          0x0080010f        0x0 c:/winavr-20090313/bin/../lib/gcc/avr/4.3.2/avr51\libgcc.a(_prologue.o)
 .data          0x0080010f        0x0 c:/winavr-20090313/bin/../lib/gcc/avr/4.3.2/avr51\libgcc.a(_epilogue.o)
 .data          0x0080010f        0x0 c:/winavr-20090313/bin/../lib/gcc/avr/4.3.2/avr51\libgcc.a(_clzsi2.o)
 .data          0x0080010f        0x0 c:/winavr-20090313/bin/../lib/gcc/avr/4.3.2/avr51\libgcc.a(_pack_sf.o)
 .data          0x0080010f        0x0 c:/winavr-20090313/bin/../lib/gcc/avr/4.3.2/avr51\libgcc.a(_unpack_sf.o)
 .data          0x0080010f      0x100 c:/winavr-20090313/bin/../lib/gcc/avr/4.3.2/avr51\libgcc.a(_clz.o)
                0x0080010f                __clz_tab
 *(.data*)
 *(.rodata)
 *(.rodata*)
 *(.gnu.linkonce.d*)
                0x00800210                . = ALIGN (0x2)
 *fill*         0x0080020f        0x1 00
                0x00800210                _edata = .
                0x00800210                PROVIDE (__data_end, .)

.bss            0x00800210      0xce5
                0x00800210                PROVIDE (__bss_start, .)
 *(.bss)
 .bss           0x00800210        0x0 c:/winavr-20090313/bin/../lib/gcc/avr/4.3.2/../../../../avr/lib/avr51/crtm128.o
 .bss           0x00800210        0x2 test3.o
 .bss           0x00800212       0xd8 effects.o
 .bss           0x008002ea        0x0 instruction_decoder.o
 .bss           0x008002ea        0x0 utils.o
 .bss           0x008002ea        0x0 song_instructions.o
 .bss           0x008002ea        0x0 c:/winavr-20090313/bin/../lib/gcc/avr/4.3.2/avr51\libgcc.a(_exit.o)
 .bss           0x008002ea        0x0 c:/winavr-20090313/bin/../lib/gcc/avr/4.3.2/avr51\libgcc.a(_clear_bss.o)
 .bss           0x008002ea        0x0 c:/winavr-20090313/bin/../lib/gcc/avr/4.3.2/avr51\libgcc.a(_addsub_sf.o)
 .bss           0x008002ea        0x0 c:/winavr-20090313/bin/../lib/gcc/avr/4.3.2/avr51\libgcc.a(_mul_sf.o)
 .bss           0x008002ea        0x0 c:/winavr-20090313/bin/../lib/gcc/avr/4.3.2/avr51\libgcc.a(_div_sf.o)
 .bss           0x008002ea        0x0 c:/winavr-20090313/bin/../lib/gcc/avr/4.3.2/avr51\libgcc.a(_si_to_sf.o)
 .bss           0x008002ea        0x0 c:/winavr-20090313/bin/../lib/gcc/avr/4.3.2/avr51\libgcc.a(_sf_to_si.o)
 .bss           0x008002ea        0x0 c:/winavr-20090313/bin/../lib/gcc/avr/4.3.2/avr51\libgcc.a(_thenan_sf.o)
 .bss           0x008002ea        0x0 c:/winavr-20090313/bin/../lib/gcc/avr/4.3.2/avr51\libgcc.a(_prologue.o)
 .bss           0x008002ea        0x0 c:/winavr-20090313/bin/../lib/gcc/avr/4.3.2/avr51\libgcc.a(_epilogue.o)
 .bss           0x008002ea        0x0 c:/winavr-20090313/bin/../lib/gcc/avr/4.3.2/avr51\libgcc.a(_clzsi2.o)
 .bss           0x008002ea        0x0 c:/winavr-20090313/bin/../lib/gcc/avr/4.3.2/avr51\libgcc.a(_pack_sf.o)
 .bss           0x008002ea        0x0 c:/winavr-20090313/bin/../lib/gcc/avr/4.3.2/avr51\libgcc.a(_unpack_sf.o)
 .bss           0x008002ea        0x0 c:/winavr-20090313/bin/../lib/gcc/avr/4.3.2/avr51\libgcc.a(_clz.o)
 *(.bss*)
 *(COMMON)
 COMMON         0x008002ea       0x49 test3.o
                0x008002ea                resetEffect
                0x008002eb                ledPWMArray
 COMMON         0x00800333      0x1e0 effects.o
                0x00800333                currentStepLeds
                0x0080034b                pwmLedCounter
                0x00800363                pwmLedOn
                0x0080037b                directionLeds
                0x00800393                blinkLedCounters
                0x008003ab                fadeWithPwm10msCounter
                0x008003c3                fadeBetween3ColorsWithScalingPwmEffectData
                0x0080046b                pwmScaleData
                0x008004e3                lightBeamSavedData
 COMMON         0x00800513      0x9e2 instruction_decoder.o
                0x00800513                instructionGroup1
                0x00800703                instructionGroup2
                0x008008f3                sramEffectDataBuffer
                0x00800cf3                currentEffectGroupIndex
                0x00800cf5                effectGroupSizes
                0x00800ef3                sramEffectDataPtr
                0x00800ef5                PROVIDE (__bss_end, .)
                0x00002e4c                __data_load_start = LOADADDR (.data)
                0x00002f5c                __data_load_end = (__data_load_start + SIZEOF (.data))

.noinit         0x00800ef5        0x0
                0x00800ef5                PROVIDE (__noinit_start, .)
 *(.noinit*)
                0x00800ef5                PROVIDE (__noinit_end, .)
                0x00800ef5                _end = .
                0x00800ef5                PROVIDE (__heap_start, .)

.eeprom         0x00810000        0x0
 *(.eeprom*)
                0x00810000                __eeprom_end = .

.fuse
 *(.fuse)
 *(.lfuse)
 *(.hfuse)
 *(.efuse)

.lock
 *(.lock*)

.signature
 *(.signature*)

.stab
 *(.stab)

.stabstr
 *(.stabstr)

.stab.excl
 *(.stab.excl)

.stab.exclstr
 *(.stab.exclstr)

.stab.index
 *(.stab.index)

.stab.indexstr
 *(.stab.indexstr)

.comment
 *(.comment)

.debug
 *(.debug)

.line
 *(.line)

.debug_srcinfo
 *(.debug_srcinfo)

.debug_sfnames
 *(.debug_sfnames)

.debug_aranges  0x00000000       0x80
 *(.debug_aranges)
 .debug_aranges
                0x00000000       0x20 test3.o
 .debug_aranges
                0x00000020       0x20 effects.o
 .debug_aranges
                0x00000040       0x20 instruction_decoder.o
 .debug_aranges
                0x00000060       0x20 utils.o

.debug_pubnames
                0x00000000      0x5e2
 *(.debug_pubnames)
 .debug_pubnames
                0x00000000       0x49 test3.o
 .debug_pubnames
                0x00000049      0x314 effects.o
 .debug_pubnames
                0x0000035d      0x198 instruction_decoder.o
 .debug_pubnames
                0x000004f5       0xc5 utils.o
 .debug_pubnames
                0x000005ba       0x28 song_instructions.o

.debug_info     0x00000000     0x1bbc
 *(.debug_info)
 .debug_info    0x00000000      0x324 test3.o
 .debug_info    0x00000324      0xc41 effects.o
 .debug_info    0x00000f65      0x754 instruction_decoder.o
 .debug_info    0x000016b9      0x470 utils.o
 .debug_info    0x00001b29       0x93 song_instructions.o
 *(.gnu.linkonce.wi.*)

.debug_abbrev   0x00000000      0x7bc
 *(.debug_abbrev)
 .debug_abbrev  0x00000000      0x150 test3.o
 .debug_abbrev  0x00000150      0x1be effects.o
 .debug_abbrev  0x0000030e      0x24f instruction_decoder.o
 .debug_abbrev  0x0000055d      0x202 utils.o
 .debug_abbrev  0x0000075f       0x5d song_instructions.o

.debug_line     0x00000000     0x14bc
 *(.debug_line)
 .debug_line    0x00000000      0x321 test3.o
 .debug_line    0x00000321      0x93f effects.o
 .debug_line    0x00000c60      0x4ac instruction_decoder.o
 .debug_line    0x0000110c      0x355 utils.o
 .debug_line    0x00001461       0x5b song_instructions.o

.debug_frame    0x00000000      0x2a0
 *(.debug_frame)
 .debug_frame   0x00000000       0x30 test3.o
 .debug_frame   0x00000030      0x150 effects.o
 .debug_frame   0x00000180       0x90 instruction_decoder.o
 .debug_frame   0x00000210       0x90 utils.o

.debug_str      0x00000000      0xa9c
 *(.debug_str)
 .debug_str     0x00000000      0x213 test3.o
                                0x24c (size before relaxing)
 .debug_str     0x00000213      0x5c2 effects.o
                                0x639 (size before relaxing)
 .debug_str     0x000007d5      0x206 instruction_decoder.o
                                0x37e (size before relaxing)
 .debug_str     0x000009db       0xaa utils.o
                                0x1d2 (size before relaxing)
 .debug_str     0x00000a85       0x17 song_instructions.o
                                 0xd6 (size before relaxing)

.debug_loc      0x00000000     0x138f
 *(.debug_loc)
 .debug_loc     0x00000000      0x118 test3.o
 .debug_loc     0x00000118      0xc58 effects.o
 .debug_loc     0x00000d70      0x3f7 instruction_decoder.o
 .debug_loc     0x00001167      0x228 utils.o

.debug_macinfo
 *(.debug_macinfo)
OUTPUT(test3.elf elf32-avr)
LOAD linker stubs

.debug_ranges   0x00000000       0xb8
 .debug_ranges  0x00000000       0x18 test3.o
 .debug_ranges  0x00000018       0x88 instruction_decoder.o
 .debug_ranges  0x000000a0       0x18 utils.o
